(base) sam@Mac rcprojectsdir % pwd
pwd
/Users/sam/sstraust/rcprojectsdir/src/rcprojectsdir
(base) sam@Mac rcprojectsdir % cd ~/sstraust/rcprojectsdir/
cd ~/sstraust/rcprojectsdir/
(base) sam@Mac rcprojectsdir % git add -A
git add -A
(base) sam@Mac rcprojectsdir % git commit -m "add updates feed"
git commit -m "add updates feed"
[create-updates-table c5830b1] add updates feed
 17 files changed, 1036 insertions(+), 490 deletions(-)
 create mode 100644 .DS_Store
 create mode 100644 rcprojectsdirjs/.DS_Store
 create mode 100644 rcprojectsdirjs/resources/.DS_Store
 create mode 100644 rcprojectsdirjs/resources/svgs/dot.svg
 create mode 100644 rcprojectsdirjs/resources/svgs/dropdown.svg
 create mode 100644 rcprojectsdirjs/resources/svgs/plus.svg
 create mode 100644 rcprojectsdirjs/resources/svgs/x.svg
 create mode 100644 rcprojectsdirjs/src/rcprojectsdir/design_components/README.md
 create mode 100644 rcprojectsdirjs/src/rcprojectsdir/design_components/create_project_intro_box.cljs
 create mode 100644 rcprojectsdirjs/src/rcprojectsdir/design_components/main_homepage.cljs
 create mode 100644 rcprojectsdirjs/src/rcprojectsdir/feed/updates_feed.cljs
(base) sam@Mac rcprojectsdir % git checkout -b updates-only
git checkout -b updates-only
Switched to a new branch 'updates-only'
(base) sam@Mac rcprojectsdir % git branch
git branch
WARNING: terminal is not fully functional
Press RETURN to continue 

  add-featured-projects
  create-updates-table
  create-user-entry
  create-user-entry2
  create-user-entry3
  create-user-entry4
  main
  redirect-on-create
  try-out-login
  try-out-login-merged
* updates-only
(base) sam@Mac rcprojectsdir % git add -A
git add -A
(base) sam@Mac rcprojectsdir % git commit -m "add updates feed"
git commit -m "add updates feed"
On branch updates-only
Last command done (1 command done):
   pick 4f5ee09 initial login work
Next commands to do (5 remaining commands):
   pick b7904e0 initial login work
   pick 5f836be initial login work
  (use "git rebase --edit-todo" to view and edit)
You are currently editing a commit while rebasing branch 'create-user-entry' on '9a429d7'.
  (use "git commit --amend" to amend the current commit)
  (use "git rebase --continue" once you are satisfied with your changes)

nothing to commit, working tree clean
(base) sam@Mac rcprojectsdir % git rm rcprojectsdirjs/src/rcprojectsdir/design_components
git rm rcprojectsdirjs/src/rcprojectsdir/design_components
fatal: not removing 'rcprojectsdirjs/src/rcprojectsdir/design_components' recursively without -r
(base) sam@Mac rcprojectsdir % git rm -r rcprojectsdirjs/src/rcprojectsdir/design_components
git rm -r rcprojectsdirjs/src/rcprojectsdir/design_components
rm 'rcprojectsdirjs/src/rcprojectsdir/design_components/README.md'
rm 'rcprojectsdirjs/src/rcprojectsdir/design_components/create_project_intro_box.cljs'
rm 'rcprojectsdirjs/src/rcprojectsdir/design_components/main_homepage.cljs'
(base) sam@Mac rcprojectsdir % 

(base) sam@Mac rcprojectsdir % git rm -r rcprojectsdirjs/resources/svgs/
git rm -r rcprojectsdirjs/resources/svgs/
rm 'rcprojectsdirjs/resources/svgs/dot.svg'
rm 'rcprojectsdirjs/resources/svgs/dropdown.svg'
rm 'rcprojectsdirjs/resources/svgs/plus.svg'
rm 'rcprojectsdirjs/resources/svgs/x.svg'
(base) sam@Mac rcprojectsdir % git add -A
git add -A
(base) sam@Mac rcprojectsdir % git commit -m "add updates feed"
git commit -m "add updates feed"
[updates-only b8db125] add updates feed
 8 files changed, 66 insertions(+), 154 deletions(-)
 create mode 100644 *shell*
 delete mode 100644 rcprojectsdirjs/resources/svgs/dot.svg
 delete mode 100644 rcprojectsdirjs/resources/svgs/dropdown.svg
 delete mode 100644 rcprojectsdirjs/resources/svgs/plus.svg
 delete mode 100644 rcprojectsdirjs/resources/svgs/x.svg
 delete mode 100644 rcprojectsdirjs/src/rcprojectsdir/design_components/README.md
 delete mode 100644 rcprojectsdirjs/src/rcprojectsdir/design_components/create_project_intro_box.cljs
 delete mode 100644 rcprojectsdirjs/src/rcprojectsdir/design_components/main_homepage.cljs
(base) sam@Mac rcprojectsdir % git push origin updates-only
git push origin updates-only
Enumerating objects: 49, done.
Counting objects: 100% (49/49), done.
Delta compression using up to 12 threads
Compressing objects: 100% (31/31), done.
Writing objects: 100% (36/36), 12.63 KiB | 417.00 KiB/s, done.
Total 36 (delta 12), reused 0 (delta 0), pack-reused 0
remote: Resolving deltas: 100% (12/12), completed with 6 local objects.        
remote: 
remote: Create a pull request for 'updates-only' on GitHub by visiting:        
remote:      https://github.com/sstraust/RecurseProjectsDirectory/pull/new/updates-only        
remote: 
To https://github.com/sstraust/RecurseProjectsDirectory.git
 * [new branch]      updates-only -> updates-only
(base) sam@Mac rcprojectsdir % git add -A
git add -A
(base) sam@Mac rcprojectsdir % git commit -m "add updates feed"
git commit -m "add updates feed"
[updates-only ea641be] add updates feed
 1 file changed, 8 deletions(-)
(base) sam@Mac rcprojectsdir % git push origin updates-only
git push origin updates-only
Enumerating objects: 11, done.
Counting objects: 100% (11/11), done.
Delta compression using up to 12 threads
Compressing objects: 100% (5/5), done.
Writing objects: 100% (6/6), 456 bytes | 456.00 KiB/s, done.
Total 6 (delta 4), reused 0 (delta 0), pack-reused 0
remote: Resolving deltas: 100% (4/4), completed with 4 local objects.        
To https://github.com/sstraust/RecurseProjectsDirectory.git
   b8db125..ea641be  updates-only -> updates-only
(base) sam@Mac rcprojectsdir % git rm *shell*
git rm *shell*
rm '*shell*'
(base) sam@Mac rcprojectsdir % git rm --cached .DS_Store
git rm --cached .DS_Store
rm '.DS_Store'
(base) sam@Mac rcprojectsdir % git rm --cached rcprojectsdirjs/.DS_Store
git rm --cached rcprojectsdirjs/.DS_Store
rm 'rcprojectsdirjs/.DS_Store'
(base) sam@Mac rcprojectsdir % git rm --cached rcprojectsdirjs/resources/.DS_Store
git rm --cached rcprojectsdirjs/resources/.DS_Store
rm 'rcprojectsdirjs/resources/.DS_Store'
(base) sam@Mac rcprojectsdir % git add -A
git add -A
(base) sam@Mac rcprojectsdir % git commit -m "add updates feed"
git commit -m "add updates feed"
[updates-only b95105c] add updates feed
 5 files changed, 2 insertions(+), 66 deletions(-)
 delete mode 100644 *shell*
 delete mode 100644 .DS_Store
 delete mode 100644 rcprojectsdirjs/.DS_Store
 delete mode 100644 rcprojectsdirjs/resources/.DS_Store
(base) sam@Mac rcprojectsdir % git push origin updates-only
git push origin updates-only
Enumerating objects: 9, done.
Counting objects: 100% (9/9), done.
Delta compression using up to 12 threads
Compressing objects: 100% (5/5), done.
Writing objects: 100% (5/5), 424 bytes | 424.00 KiB/s, done.
Total 5 (delta 4), reused 0 (delta 0), pack-reused 0
remote: Resolving deltas: 100% (4/4), completed with 4 local objects.        
To https://github.com/sstraust/RecurseProjectsDirectory.git
   ea641be..b95105c  updates-only -> updates-only
(base) sam@Mac rcprojectsdir % git pull origin master
git pull origin master
fatal: couldn't find remote ref master
(base) sam@Mac rcprojectsdir % git pull origin main
git pull origin main
From https://github.com/sstraust/RecurseProjectsDirectory
 * branch            main       -> FETCH_HEAD
Already up to date.
(base) sam@Mac rcprojectsdir % git pull origin main
git pull origin main
remote: Enumerating objects: 1, done.        
remote: Counting objects: 100% (1/1), done.        
remote: Total 1 (delta 0), reused 0 (delta 0), pack-reused 0 (from 0)        
Unpacking objects: 100% (1/1), 911 bytes | 911.00 KiB/s, done.
From https://github.com/sstraust/RecurseProjectsDirectory
 * branch            main       -> FETCH_HEAD
   adfb354..6a291a1  main       -> origin/main
Auto-merging rcprojectsdirjs/resources/global_output.css
CONFLICT (content): Merge conflict in rcprojectsdirjs/resources/global_output.css
Auto-merging rcprojectsdirjs/src/rcprojectsdir/pages/home_page.cljs
CONFLICT (content): Merge conflict in rcprojectsdirjs/src/rcprojectsdir/pages/home_page.cljs
Auto-merging src/rcprojectsdir/run_web_server.clj
CONFLICT (content): Merge conflict in src/rcprojectsdir/run_web_server.clj
Automatic merge failed; fix conflicts and then commit the result.
(base) sam@Mac rcprojectsdir % git checkout --ours rcprojectsdirjs/src/rcprojectsdir/pages/home_page.cljs
<rojectsdirjs/src/rcprojectsdir/pages/home_page.cljs
Updated 1 path from the index
(base) sam@Mac rcprojectsdir % git checkout --ours src/rcprojectsdir/run_web_server.clj
git checkout --ours src/rcprojectsdir/run_web_server.clj
Updated 1 path from the index
(base) sam@Mac rcprojectsdir % git checkout --ours rcprojectsdirjs/resources/global_output.css
git checkout --ours rcprojectsdirjs/resources/global_output.css
Updated 1 path from the index
(base) sam@Mac rcprojectsdir % git add -A
git add -A
(base) sam@Mac rcprojectsdir % git commit -m "add updates feed"
git commit -m "add updates feed"
[updates-only 42629aa] add updates feed
(base) sam@Mac rcprojectsdir % git push origin updates-only
git push origin updates-only
Enumerating objects: 1, done.
Counting objects: 100% (1/1), done.
Writing objects: 100% (1/1), 195 bytes | 195.00 KiB/s, done.
Total 1 (delta 0), reused 0 (delta 0), pack-reused 0
To https://github.com/sstraust/RecurseProjectsDirectory.git
   b95105c..42629aa  updates-only -> updates-only
(base) sam@Mac rcprojectsdir % git checkout create-updates-table 
git checkout create-updates-table 
Switched to branch 'create-updates-table'
(base) sam@Mac rcprojectsdir % git pull origin main
git pull origin main
From https://github.com/sstraust/RecurseProjectsDirectory
 * branch            main       -> FETCH_HEAD
Auto-merging rcprojectsdirjs/resources/global_output.css
CONFLICT (content): Merge conflict in rcprojectsdirjs/resources/global_output.css
Auto-merging rcprojectsdirjs/src/rcprojectsdir/pages/home_page.cljs
CONFLICT (content): Merge conflict in rcprojectsdirjs/src/rcprojectsdir/pages/home_page.cljs
Auto-merging src/rcprojectsdir/run_web_server.clj
CONFLICT (content): Merge conflict in src/rcprojectsdir/run_web_server.clj
Automatic merge failed; fix conflicts and then commit the result.
(base) sam@Mac rcprojectsdir % git checkout updates-only
git checkout updates-only
rcprojectsdirjs/resources/global_output.css: needs merge
rcprojectsdirjs/src/rcprojectsdir/pages/home_page.cljs: needs merge
src/rcprojectsdir/run_web_server.clj: needs merge
error: you need to resolve your current index first
(base) sam@Mac rcprojectsdir % git stash
git stash
rcprojectsdirjs/resources/global_output.css: needs merge
rcprojectsdirjs/src/rcprojectsdir/pages/home_page.cljs: needs merge
src/rcprojectsdir/run_web_server.clj: needs merge
(base) sam@Mac rcprojectsdir % git add -A
git add -A
(base) sam@Mac rcprojectsdir % git commit -m "add updates feed"
git commit -m "add updates feed"
[create-updates-table 1ad3227] add updates feed
(base) sam@Mac rcprojectsdir % git checkout updates-only
git checkout updates-only
Switched to branch 'updates-only'
(base) sam@Mac rcprojectsdir % git checkout -b style-homepage
git checkout -b style-homepage
Switched to a new branch 'style-homepage'
(base) sam@Mac rcprojectsdir % git add -A
git add -A
(base) sam@Mac rcprojectsdir % git commit -m "commit curr progress"
git commit -m "commit curr progress"
[style-homepage dd86590] commit curr progress
 2 files changed, 50 insertions(+), 25 deletions(-)
(base) sam@Mac rcprojectsdir % git checkout create-updates-table 
git checkout create-updates-table 
Switched to branch 'create-updates-table'
(base) sam@Mac rcprojectsdir % git checkoutstyle-homepage
git checkoutstyle-homepage
git: 'checkoutstyle-homepage' is not a git command. See 'git --help'.
(base) sam@Mac rcprojectsdir % git checkout style-homepage
git checkout style-homepage
error: Your local changes to the following files would be overwritten by checkout:
	.DS_Store
	rcprojectsdirjs/.DS_Store
Please commit your changes or stash them before you switch branches.
Aborting
(base) sam@Mac rcprojectsdir % git stash
git stash
Saved working directory and index state WIP on create-updates-table: 1ad3227 add updates feed
(base) sam@Mac rcprojectsdir % git checkout style-homepage
git checkout style-homepage
Switched to branch 'style-homepage'
(base) sam@Mac rcprojectsdir % git checkout create-updates-table 
git checkout create-updates-table 
Switched to branch 'create-updates-table'
(base) sam@Mac rcprojectsdir % git checkout style-homepage
git checkout style-homepage
error: Your local changes to the following files would be overwritten by checkout:
	rcprojectsdirjs/resources/.DS_Store
Please commit your changes or stash them before you switch branches.
Aborting
(base) sam@Mac rcprojectsdir % git stash
git stash
Saved working directory and index state WIP on create-updates-table: 1ad3227 add updates feed
(base) sam@Mac rcprojectsdir % git checkout style-homepage
git checkout style-homepage
Switched to branch 'style-homepage'
(base) sam@Mac rcprojectsdir % git checkout create-updates-table 
git checkout create-updates-table 
error: Your local changes to the following files would be overwritten by checkout:
	rcprojectsdirjs/src/rcprojectsdir/pages/home_page.cljs
Please commit your changes or stash them before you switch branches.
error: The following untracked working tree files would be overwritten by checkout:
	rcprojectsdirjs/resources/svgs/dot.svg
	rcprojectsdirjs/resources/svgs/dropdown.svg
	rcprojectsdirjs/resources/svgs/plus.svg
	rcprojectsdirjs/resources/svgs/x.svg
Please move or remove them before you switch branches.
Aborting
(base) sam@Mac rcprojectsdir % git add -A
git add -A
(base) sam@Mac rcprojectsdir % git commit -m "commit curr progress"
git commit -m "commit curr progress"
[style-homepage 0b338d3] commit curr progress
 5 files changed, 17 insertions(+), 4 deletions(-)
 create mode 100644 rcprojectsdirjs/resources/svgs/dot.svg
 create mode 100644 rcprojectsdirjs/resources/svgs/dropdown.svg
 create mode 100644 rcprojectsdirjs/resources/svgs/plus.svg
 create mode 100644 rcprojectsdirjs/resources/svgs/x.svg
(base) sam@Mac rcprojectsdir % git checkout create-updates-table 
git checkout create-updates-table 
Switched to branch 'create-updates-table'
(base) sam@Mac rcprojectsdir % git checkout style-homepage
git checkout style-homepage
Switched to branch 'style-homepage'
(base) sam@Mac rcprojectsdir % 