(base) sam@Mac rcprojectsdir % pwd
pwd
/Users/sam/sstraust/rcprojectsdir/src/rcprojectsdir
(base) sam@Mac rcprojectsdir % cd ~/sstraust/rcprojectsdir/
cd ~/sstraust/rcprojectsdir/
(base) sam@Mac rcprojectsdir % git add -A
git add -A
(base) sam@Mac rcprojectsdir % git commit -m "add updates feed"
git commit -m "add updates feed"
[create-updates-table c5830b1] add updates feed
 17 files changed, 1036 insertions(+), 490 deletions(-)
 create mode 100644 .DS_Store
 create mode 100644 rcprojectsdirjs/.DS_Store
 create mode 100644 rcprojectsdirjs/resources/.DS_Store
 create mode 100644 rcprojectsdirjs/resources/svgs/dot.svg
 create mode 100644 rcprojectsdirjs/resources/svgs/dropdown.svg
 create mode 100644 rcprojectsdirjs/resources/svgs/plus.svg
 create mode 100644 rcprojectsdirjs/resources/svgs/x.svg
 create mode 100644 rcprojectsdirjs/src/rcprojectsdir/design_components/README.md
 create mode 100644 rcprojectsdirjs/src/rcprojectsdir/design_components/create_project_intro_box.cljs
 create mode 100644 rcprojectsdirjs/src/rcprojectsdir/design_components/main_homepage.cljs
 create mode 100644 rcprojectsdirjs/src/rcprojectsdir/feed/updates_feed.cljs
(base) sam@Mac rcprojectsdir % git checkout -b updates-only
git checkout -b updates-only
Switched to a new branch 'updates-only'
(base) sam@Mac rcprojectsdir % git branch
git branch
WARNING: terminal is not fully functional
Press RETURN to continue 

  add-featured-projects
  create-updates-table
  create-user-entry
  create-user-entry2
  create-user-entry3
  create-user-entry4
  main
  redirect-on-create
  try-out-login
  try-out-login-merged
* updates-only
(base) sam@Mac rcprojectsdir % git add -A
git add -A
(base) sam@Mac rcprojectsdir % git commit -m "add updates feed"
git commit -m "add updates feed"
On branch updates-only
Last command done (1 command done):
   pick 4f5ee09 initial login work
Next commands to do (5 remaining commands):
   pick b7904e0 initial login work
   pick 5f836be initial login work
  (use "git rebase --edit-todo" to view and edit)
You are currently editing a commit while rebasing branch 'create-user-entry' on '9a429d7'.
  (use "git commit --amend" to amend the current commit)
  (use "git rebase --continue" once you are satisfied with your changes)

nothing to commit, working tree clean
(base) sam@Mac rcprojectsdir % git rm rcprojectsdirjs/src/rcprojectsdir/design_components
git rm rcprojectsdirjs/src/rcprojectsdir/design_components
fatal: not removing 'rcprojectsdirjs/src/rcprojectsdir/design_components' recursively without -r
(base) sam@Mac rcprojectsdir % git rm -r rcprojectsdirjs/src/rcprojectsdir/design_components
git rm -r rcprojectsdirjs/src/rcprojectsdir/design_components
rm 'rcprojectsdirjs/src/rcprojectsdir/design_components/README.md'
rm 'rcprojectsdirjs/src/rcprojectsdir/design_components/create_project_intro_box.cljs'
rm 'rcprojectsdirjs/src/rcprojectsdir/design_components/main_homepage.cljs'
(base) sam@Mac rcprojectsdir % 